REG 00000000000000ED
REG 0000000000000000
REG 000000000000074A
REG 0000000000000001
REG 0000000000000000
REG 0000000006FE7D07
REG 0000000000000000
REG 0000000000000000
REG 0000000000000000
REG 0000000000000001
REG 0808000806FE7D06
REG 0000000000000004
REG 00000000B83A0000
REG 0000000000001B05
REG FFFFFFFFFFFFFFF8
REG 0003100000000000
REG 0000000000000000
REG 00000100000050EA
REG 0000000000000007
REG FFFFFFFFFFFFFFFF
REG 0000000000000000
REG 0000000000000000
REG 0000000000000000
REG 000002000000A1D0
REG 0000000020000000
REG 0000000000000007
REG 0000000000001B05
REG 0000000044882888
REG 0000000000000000
REG 0000000000000000
REG 0000000000001B05
REG 00000000810001E1
