REG FFFFFFFFFFF3AF0D
REG 0000000000000020
REG FFFFDE78FFFFDE78
REG FFFFFFFFFFFFFFFF
REG 0000000000000000
REG 0000000000000000
REG FFFFFFFFFFFFFFFF
REG 0000000000000000
REG 0000000000000000
REG FFFFFFFFFFFF6B45
REG 00000000000094BA
REG FFFFFFFFFFFFFFE3
REG 0000000000000000
REG 0000000000000000
REG 003FFFFFFF000000
REG 0000000000000000
REG 000000000000611C
REG FFFFFFFFFFFFCC51
REG 0000000000000000
REG 0000000000000000
REG 0000000000000000
REG 003FFFFFFEFFFFFF
REG 0000000000000000
REG 0000000000000031
REG 0000000000000000
REG 0000000000000000
REG 0000000000004A5D
REG 0000000000000000
REG 0000000000000000
REG 000000000000003D
REG 0000000000000000
REG 000000005FFE0103
