REG 000000000000005D
REG FFFFFFFFFFFFFFFF
REG 0000000055C84E75
REG 0000000000004B1C
REG 0000000000000000
REG 000000013FBF0141
REG 000000000000000F
REG 0000000000000000
REG 0000000000000000
REG 0000000000000000
REG 000000004B0A0000
REG 00000000FAE30000
REG F7F7F7F7D7F7DF3E
REG 000000000000003B
REG 00000B4055C84E75
REG 0000000000000000
REG 0000000000000000
REG FFFFFFFFFFFFFFBF
REG 0000000000000000
REG 0000030000000000
REG 0644B6220644B622
REG 0000000000000000
REG 000000000000055C
REG FFFFFFFFFFFFFFFF
REG 0000000000000000
REG FFFFFFFF140AFEBF
REG FFFFFFFFFFFFFEBF
REG 0000000000000000
REG 0000000000000000
REG 08080808280829D9
REG 000000000000025B
REG 0000000101000200
