REG 0000006F80004061
REG 0000000300078000
REG FFFFFFFFFFFFFFFF
REG 0000000000000002
REG 0000000000000000
REG FFFFFFFF77A6062A
REG FFFFFFFFFFB6062A
REG 0000002007FFFFFF
REG 0000000000000000
REG FFFFFFFFFFFFFFFF
REG FFFFFFFFFFFFE229
REG 0000000000000000
REG 0000000000000000
REG 000042C402840040
REG 0000000000000200
REG 0000000000000004
REG 0000221620142002
REG 000000000000E229
REG 0000000000000000
REG 0000000000000000
REG 6C0C540000000000
REG 0000000000000000
REG 0808080808070503
REG F7F7F7F700205A3C
REG 0000000000000000
REG 00000000F7D9A4C3
REG 0000000000000000
REG 0000000000004061
REG FFFFFFFFFFFFBFA1
REG 0000004000000000
REG 0000000000000000
REG 0000000040011011
