REG FFFFEFFFFFFF6716
REG 000011F7000011F7
REG 0000007FFFFC55BF
REG 003FFFFFFFF3A380
REG FFFFFFFF00FFFFFF
REG 00000000000000C8
REG 0000000000000038
REG FFFFF651322D5C7E
REG 00000000000018F0
REG 000000005D3D18F0
REG FFFFF651777D5C7E
REG FFFFFFFFFFFFFF65
REG FFFFFFFFFFFFFFFF
REG FFFFFFFFF6052A21
REG FFFFFFF900000006
REG FFFFFFFFF6052A21
REG 000000008FC00000
REG FFFFFFFFFFFFE747
REG 00000006FFFFE729
REG 000C5C8000000C80
REG 0000000000006740
REG 0000000000000000
REG FFFFFFFFFFFF9910
REG 00FFFFDA00FFFFDA
REG 0000000000000000
REG 0000000000F50000
REG FFC00000000C5C7F
REG FFFFFFFFFFFFFE33
REG 0000000000000001
REG 03FFFFE000000000
REG 0000000000000000
REG 000000009F1E89B0
