REG 00007A6C00007A68
REG FFFFFFFFFFFFFBFD
REG 000000000000002D
REG 0000000000000000
REG 07FFFFFF93DCFFBE
REG 00000000E303002D
REG 0000000000000000
REG 0000000000000000
REG 0000000000000000
REG 000000004000002C
REG 0000000000000000
REG 000000006C230040
REG 0000010000000000
REG FFFFFFFFFFFFFFF6
REG 0000000040C54040
REG 00001F8000000000
REG 000000000000003B
REG 000000000000002D
REG 00007A6C00007A6C
REG 0000000000000000
REG 0000000000000000
REG 000000000000003B
REG FFFFFFFFFFFFFFFD
REG F800000000000001
REG 0000000000000040
REG FFFFFFFFBFFFFFD3
REG F800000000000000
REG 0000000000000000
REG 0000000000004040
REG 0000000000000000
REG FFFFFFFFFFFFFFFF
REG 0000000049E1E1F9
