REG 4D5BFFFF4D5B8043
REG 0000000000000000
REG 0000000000000000
REG FFFFFFFFFFFFFFFF
REG 0000000000000000
REG 0180000000003BBA
REG 0000000000000040
REG 000000002CCAFFC0
REG FFFFFFFFFFFFFFFF
REG 0000000000000000
REG 0000000000000000
REG 0000000000000000
REG FFFFFFFFFFFFFFFF
REG EEE8060000000000
REG FFFFFFFFFFFFFFFE
REG FFFFFFFFFFFFFFC0
REG 3FFFFFFFFF000006
REG 0000000000000000
REG 0000000000000000
REG 4D5BFFFF4D5B8006
REG 0000000000000040
REG 0000000000002ADF
REG 0000000000000000
REG 0000000000000000
REG 0000000000000000
REG 0000000000000002
REG 0000000000000040
REG FFFFFFFFFFFFFFFF
REG 0180000000000000
REG 3FFFFFFFFF000006
REG FFFFFFFFFFFFFFFF
REG 000000010050810D
