REG 0000D7DB362715E8
REG 0000000000000019
REG 0000000020000000
REG 0000000000000000
REG 0000000001607E00
REG 0000282400000000
REG 00000000B03F0001
REG 0000002000000020
REG 0000000000000000
REG 000007E000200000
REG FFFFFFFFFFFFFFDF
REG FFFFFFFFDE8C0271
REG FFFF0000FFFFFFFF
REG FFFFFFFFFFFFA101
REG 00000000B00D0000
REG 0000000000000012
REG 0200000000000000
REG 000000000000003F
REG 0000000000000001
REG 0000000000000001
REG 0000000000000001
REG 0000000000000000
REG 00002823FFFFB2B1
REG 0001000000000000
REG 00000000B03F0000
REG BD0000000000000A
REG 0000000000000000
REG 00000000000055E8
REG 0000000000000000
REG 0000000000000000
REG FFFFFFFF4FC0FFBF
REG 0000000048088051
