REG 643FC059643FC059
REG 0000000000000040
REG 0000000125EB0001
REG FFFFFFFFFFFFFFFF
REG 0000000007FFA375
REG 0000000100000001
REG 0000000100000001
REG 0000000000000000
REG 643FC059643FC059
REG 00000000029C0002
REG 0000000000000000
REG 0000000080000000
REG 0000000000000005
REG FFFFFFFFFFFFFFFF
REG FFFFFFFFFAF9FFFF
REG FFFFFFFF7BBB3FD7
REG 0000000072920062
REG 0000000072920065
REG FFFFFFFFDFFF9C25
REG 00000000ADE40062
REG 0000000000000000
REG 00000000080013E4
REG 00000000029C0002
REG 643FC059643FC059
REG 0000000000000000
REG 0000000100003F3A
REG 0000000000000000
REG 0000000000000000
REG 0000000020000000
REG 0000000002F9FFFF
REG 0000000008000000
REG 0000000080880009
