REG 0000000000000000
REG 003BFFFFFFE3F0E0
REG 0000000020448848
REG 003C000000000000
REG 000000000000C751
REG 0000000000000000
REG 00000000003FFFFF
REG 0000007FFF000000
REG 0000000000000000
REG 0000000000000000
REG 07FF1F8700000003
REG 0000000000000000
REG FFC4000000000000
REG FFFC7E1C00FFFF3F
REG FFFC7E1C00FFFF3F
REG 0000000000000039
REG 0000000000000000
REG 000000000000FFFF
REG 0000000000000000
REG C000000000000000
REG FFFFFFFFDFBB77BF
REG 000000000000000A
REG 0000000900000000
REG 0000000000000000
REG 0000003FF8FC3800
REG 0000000000000000
REG 0000007FFFC0F1FF
REG 085C95F860CD98D8
REG 0000000000000000
REG 0000000000000000
REG F7A80004395EE740
REG 0000000080880010
