REG F47DBA04A35763D3
REG 0000000000000000
REG 0000000000000003
REG 00000000D6F92629
REG 00000000D6F9262A
REG 0290000000000000
REG FFFFFFFF80ABB770
REG 00000000BB00262A
REG 0000000FFFFEC0E9
REG 0000000000000040
REG 0000000009800000
REG 0000000000000040
REG 0400000000000000
REG FFFFFFFFFFFFFFDF
REG 0000000009800000
REG 0000000000000000
REG 0000000000000000
REG 0000000FFFFF0EE8
REG 0000000000000B00
REG 0000000000000000
REG 00000000D6F9262A
REG FFFFFFFFFFFFFFFF
REG FFFFFFF00000F117
REG E0EE8182E0EE8000
REG 0000000004000000
REG FFFFFFFFFFFFFFFF
REG FFFFFFFF80ABB770
REG 000000000F500000
REG FFFFFFF000003F16
REG FFFFFFF009813F17
REG 0000000FFFFEC0E9
REG 0000000088009E9E
