REG F400001AEF32001B
REG 0000000000000000
REG 0000000000000000
REG 0000000000000000
REG FC0BFFFFFC0BBFFF
REG 0000000000000000
REG FFFFFFFFFFFFFFFF
REG 000000000BBFFFFC
REG 000000004080F04E
REG 00000000FFFFFF89
REG FFFFFFFFFFFFFFFF
REG 0000394500003945
REG 0000000000000000
REG 0000001900000018
REG 0000000000006C89
REG FC0BFFFFFC0BBFFF
REG 0000000000000000
REG 00000000E517B624
REG FFFFFFFFFFFFFFFF
REG FFFFFFFFFFFFFFFF
REG FFFFFFFFFFFFFFFF
REG FFFFFFFF03F44001
REG 0000001900000018
REG FFFFFFFFFFFFFFFF
REG 0000394500003945
REG 0000000000000018
REG 000000002080004E
REG 000000000001C000
REG FFFFFFFFFFFFFFFF
REG 0000000000000000
REG 000000000000FEA9
REG 000000008100805C
