REG 100000A3895000A3
REG 0000000000000000
REG 000000000000001A
REG FFFFFFFF00515D8F
REG 00030E0000000600
REG 0000000000000000
REG FEB9FFFFFFFE7FFF
REG 000000007EF10000
REG 0146000000000000
REG FFFFFFFFD2CF0A30
REG 0000000000000000
REG 000000000000001A
REG 0000000000000000
REG FFFFE200F637FB1E
REG 000000000000942D
REG 0000000000000000
REG 0000000000000304
REG 0000000000000000
REG FFFFE00000000000
REG FFFFFFFFFFFFFFFF
REG 0000000000000000
REG 0000000000002C50
REG 0000000000000000
REG 00030E0001000600
REG FFFFE2000014FB1E
REG 00001FFFFFFF77F4
REG 00000000D2CF0A30
REG 0000000000000000
REG 00030E0001000600
REG 00001FFFFFFFE870
REG 0000000000000000
REG 000000005F111029
