REG 0FFFE796A32C3CC8
REG 00000000000000FF
REG FFFFFFFFFFFFFFEF
REG 0000000000000000
REG 0000000000000000
REG FFFFFFFFFFFFFFFF
REG FFFFFFFFFFFFFFFF
REG 0000000000000020
REG 0FFFFFFFFFF8003F
REG 0FFFFFFFFFF8003F
REG 0000000000000000
REG FFFFFFFFB5D9C6B3
REG 000018695C000000
REG FFFFFFFFFFFFFFFF
REG 0000000000000000
REG 0000000000004000
REG 0000000000000000
REG F00000000007FFC0
REG FFFFFFFFFFFFFFFF
REG 0000000000000000
REG 0000200000000001
REG 000000000000003F
REG 0000000000000000
REG 00000000003FF07F
REG FFFFFFFFFFFFDA9A
REG FFFFE48BBEF2BC8B
REG 0000000000000000
REG 0000000000000000
REG 0000000000000000
REG 0000000000000000
REG 0000000000000000
REG 0000000080110A88
