REG 00000000D78CFF65
REG 048820000489FFF0
REG 0000000000000004
REG FFFFFFFFFFFF963D
REG 0000000000000020
REG 00000000B24B0004
REG FFFF9E39FFC00001
REG 00000000B24B0000
REG 0000000000000008
REG 0000000000000000
REG FCFFFFE3A4FF0004
REG 0000003FA3C9FFFF
REG 0000000000000000
REG 00000000B24B0000
REG 0000000000000620
REG 0300001C5B000000
REG 0000000000000000
REG 0000000000009B5F
REG 0000000000000040
REG 0000000000000000
REG 048820001489FFF0
REG 0000000000000018
REG 000000000000009A
REG FCFFFFE3A4FF0000
REG 0000000000009104
REG 0000000000000620
REG 0000000000000000
REG 0000000000000004
REG 00000000B3440000
REG 1200000000000000
REG 0000000000000000
REG 000000009E804080
