REG FFFFFFFFFFFFA3F2
REG 800000000008081F
REG 0000000000000000
REG 000000000000003A
REG 0000000000000000
REG FFFFFFFFFFFFF6D8
REG 0000000000000000
REG 0000000000000000
REG 80000000000807FF
REG 1C000000000000C2
REG 0000000000000000
REG 0000000000000000
REG 00000000000002C2
REG 1C0000C21C0802C2
REG 0000000000000020
REG 0000000000000000
REG FFFFFFFFFFFFFFC2
REG 0000000000000925
REG 0000000000000000
REG 0000003FFFFF3FFF
REG FFFFFFFFFF000003
REG FFFFFFFF00FF9C7E
REG 0000000038000000
REG 0000000000000020
REG 0000000000000000
REG 0000000000000000
REG 9267CE169267CE16
REG 0000000000000003
REG 0000000000000001
REG 0000000000000014
REG FFFFFFFFFFFFFFD8
REG 00000000489FE088
