REG FFFFFFFFDFFC6921
REG FFFFFFFFD0DE0000
REG 0000000000000001
REG 0000000001060808
REG 0000000000000040
REG 00000000686F2202
REG 7F171F5A46C7FFFF
REG 0106080701060807
REG FFFFFFFFFFFFFFFF
REG 6194360E61943602
REG 0000000000000000
REG 0000000000000000
REG FFFFFFFFFFFFFFFF
REG 0000000000007E67
REG 0000000000000000
REG 7F171F5A46C7C112
REG 0000000000000000
REG 00001FFFFFFFFFFF
REG FFFFFFFFFFFFFFFF
REG 00000000010698A8
REG 0000000000000730
REG 7F171F5AF6F7FFFF
REG FFF0000000000000
REG 0000000000000000
REG FFFFFFFFFFFF99D1
REG FFFFFFFFFFFFFFFF
REG 00000000010698A8
REG FFFFFFFF9335000C
REG 7F171F5A46C7FFFF
REG 00000000CA1B0730
REG FFFFFFFFFFFFFFFF
REG 0000000040870801
