REG FFFFFFFF70701FB5
REG 00000000000068A7
REG 0000000000000000
REG 0000000000000000
REG 0000000000000000
REG 0000000000062020
REG 0000000000000001
REG 000357E000033D21
REG 0000000000000000
REG 0000000000000000
REG 0000000000800000
REG 0000000000000000
REG 0000000000000020
REG 0000000000000000
REG 000000200000001F
REG 0000000000000000
REG 0000000000000000
REG 0000000000001ABF
REG 0000000000000000
REG 0000000000000000
REG 0000002000000040
REG 0000000000001ABF
REG 0000000000000020
REG 000000000000001A
REG 0000000000000003
REG 00000000000068C8
REG 0000000000000000
REG 000000200000001F
REG 0000000000000000
REG 0000000000000002
REG 0000000000000000
REG 000000009F1FE908
