REG BFFFFFFEC755FF30
REG 00001E0005851E00
REG 0000000000000000
REG FFFFFFFFFFFFFFF9
REG 0000000000000000
REG FFFFFFFFFFFFF8C0
REG 0000000000000000
REG 4E3C00000003F601
REG 0000000200000002
REG 0000000000000000
REG 0000000000000000
REG FFFFFFFFC755FFC8
REG 0000000000000005
REG 0000000000000000
REG 0000000000000020
REG 0000000000000000
REG B1C3FFFFFFFC02A7
REG 00000000000000FF
REG 000000000000003A
REG 00001E0005851E00
REG 0000000000002387
REG 00000000000054F7
REG 67ADCD3860000038
REG FFFFFFFFFFFFFFFF
REG 0000000000000003
REG 0000000000000007
REG 0000000000000020
REG 4E3C00000003FDA7
REG FFFFFFFFFFFFFFFF
REG 0000000000000000
REG 67ADCD3860000038
REG 0000000088000907
