REG 0FFFDFFFFBB0E001
REG 0000000000000000
REG 0000000000000000
REG 0000000000000000
REG 0000000000000001
REG FFFFFFFFAFFFFFF0
REG 0000000000000001
REG FFFFFFFFFFFFFFFF
REG 000000004864401B
REG 0000000000000000
REG 0000000000000000
REG 0000000000000E55
REG 000000004FFF1384
REG 0000000000000000
REG 000000004FFF1384
REG F0002000544F1FFF
REG 000000004864400B
REG 000000007A99FFFF
REG 0000000000000000
REG 000000006BC30000
REG 0000000080000000
REG 0000000000000000
REG 0000000000000010
REG 00000000000007FF
REG 0000000000000010
REG 0000000050000010
REG 0000000009410000
REG 0000000000000020
REG FFFFFFFFAEB8FF82
REG FFFFFFFFFFFFBA2F
REG FFFFFFFFFFFFFFEF
REG 0000000110C88017
