REG FFFFFFFFF819BA6C
REG FFFFFFFF98193B03
REG 0000000000000000
REG FFFFFFFFFFFFFFFF
REG 0000002000000014
REG 0000000000000001
REG 818002CB44000000
REG 0000000000000000
REG 0000000000000001
REG 0000000000000040
REG 000000000000001D
REG FFFFFFFF9FFF4D0D
REG FFFFFFFFFFFCA377
REG FFFFFFFFFFFFFFFE
REG 0000000000001100
REG FFFFFFFFF819EDF5
REG FFFFFFFFFFFFFFFF
REG 0000000000000000
REG 0000000000000040
REG 0000000000005799
REG 00000004FFFF02CD
REG 0000000000000000
REG 0000000000000000
REG 00000004FFFF02CE
REG 0000000077650000
REG 0000000000000001
REG 0000000000000001
REG FFFFFFFFFFFFFFFF
REG 818002CB44000000
REG 0000000000000000
REG 0000000000000040
REG 00000001001E9190
