REG FFFFFFFFD0BDFBBF
REG 0000000000000020
REG 0000000000000000
REG 0000000000000000
REG 000000003FF00000
REG 0000000000000040
REG 0000000000000001
REG 0000000000000000
REG 0000000000000000
REG 00000000400F0007
REG 0000000000000000
REG 000100003FC00000
REG 0000000000000040
REG 0000000000000000
REG BFFFFFFFC000001F
REG 000000000000001F
REG 0010000000000007
REG FFFFFFFFFFFFE734
REG 0000000000000000
REG 0001000000000000
REG 0000000000000000
REG 00001FBFFFFFFFC0
REG 4000000040000000
REG 0000000000000000
REG FFFFFFFFFFFFFFFF
REG 0000000000000000
REG 0000000000000000
REG 0000000000000040
REG 0000000000000000
REG 0000000000000000
REG 0000000000000000
REG 00000001001E000E
