REG FFFFFFFFBD43DEC0
REG 000000000000000E
REG 00000000000059D0
REG 00000000992B0000
REG 00000000E0000000
REG 0000000000000000
REG 00000000000059F0
REG FFFFFFFFFFFFFFFF
REG 0000000000000023
REG 0000000000000000
REG FFFFFFFFFFFFD0A5
REG 0000000700000000
REG 0000000000000020
REG 0000000000000003
REG FFFFFFFFFFFFFFE0
REG FFFFFFFFBD73DEC0
REG 0000000000000000
REG 0000000000000090
REG 200003B1207B2F5A
REG 0000000000000000
REG 0000000000000000
REG 000000000F000000
REG 0000000000000000
REG 0000000000000000
REG 0000000000000000
REG 0000000000006BF4
REG 0000000000000000
REG 00000000000059EF
REG 0000000000000000
REG FFFFFFFFFFCFFFFF
REG 0000000180000000
REG 000000005E91411E
