REG 0362D802266226EA
REG 0000000000000020
REG 0000000000000020
REG 0000000008000000
REG 0000000000000000
REG 0000000000000020
REG FFFF98A9C717F840
REG 0000000000000002
REG 0000000000000000
REG 0000000000000000
REG FFFFFFFFFFFFFFF6
REG 000000000000A452
REG 0000000000000000
REG 000000000000A453
REG 000000000000000D
REG 0000000000000000
REG 0000000000000000
REG 0000000000000000
REG 0000000000000000
REG FFFFFFFFFFFFFFFF
REG FFFFFFFFFFF77968
REG 0000000000000000
REG 000000000000A452
REG 0000000000001802
REG 0000000000000000
REG 000000001A095AD2
REG FFFFFFFFFFFFFFFD
REG 000000000000003E
REG 0000000000000000
REG 0000000000000020
REG FFFFFFFFFFFFFFFF
REG 0000000089FE0809
