REG A7FFFFFFFEA9FDD9
REG 000000000000D0BA
REG 0000000000000000
REG 0000000000000000
REG 0000000000000000
REG 0000000000000000
REG 0000004000002CAA
REG 0000000000000001
REG 00000000FFFFD904
REG 0000000000000031
REG 0000000000000000
REG 00000000000000F8
REG 0340000000000000
REG FFFFFFFFFFFFFFFF
REG 00003420B35E0040
REG 0000000000000000
REG 00000000FFFFD905
REG FFFFFFFF000026FB
REG 0000000000000000
REG 00000000B35E49D3
REG 000000000000022A
REG 0000000000000000
REG 0000000000000000
REG 00000000000F8000
REG 0000000000000000
REG 0000003F7EDB0000
REG FFFFFFFFFFFFFFFF
REG 58000000015691E3
REG 000000000000437F
REG 0800000000000000
REG 000000000000359B
REG 0000000080084915
