REG FFFD90A5FFC6467B
REG 0000000000000000
REG FFFFFFFFFFFFE001
REG 000000000000DCF2
REG 0000000000000000
REG FFFFFFFFFFFFB859
REG 000000003FFB3C48
REG 0000000000000000
REG FFFFFFFFFFFFFFFF
REG 0000000000000040
REG 0000000000000004
REG 00000001FFFFFFFF
REG 0000006000000000
REG 0000000000000000
REG 0000000000304005
REG 00000001FFFFFFFE
REG 0001000044410000
REG 0000006030AD0000
REG 000000000FFECF12
REG 0000000000000000
REG 0000000000000000
REG FFFD90A5FFF6787A
REG 0000000000000000
REG 0000000000000000
REG FFFFFFFFFFFFFFFF
REG 0000000000000000
REG 0000000000000000
REG 0000000000000000
REG 0000000000000000
REG FFFFFFFFFFFFFFFF
REG 0000000000000000
REG 0000000088110111
