REG FFFFFFFFFFFFFFFF
REG FFFFFFFFFFFFFDE5
REG 0000000000000040
REG 0000000000000000
REG 0000000000000000
REG 0000000000000000
REG 0000000000000000
REG 0000000044F60000
REG 0000000000000000
REG 0000000000000000
REG 0000000000000000
REG 12939C6436B39C64
REG 50489D137FFFFFFF
REG 0000000000000000
REG 0000000044F60000
REG 0000000000000000
REG 2FFD64D8A8000000
REG 0000000000000000
REG 0000000000000000
REG 0000000000000000
REG 0000000000000000
REG 62BFF59360BFF593
REG FFFFFFFFA8000000
REG 0000000000000040
REG 00000000A8000000
REG 0000000000000000
REG 0000000000000000
REG 0000000000000000
REG FFFFFFFFA8000000
REG 0000000000DD87DA
REG 0000000000000000
REG 0000000040091108
