REG 21C9311328C93112
REG FFFFFFFFFFFF9C13
REG 000000000000D296
REG 0000000000000020
REG 0FFFFFFFF5FF96FE
REG FFFFFFFFFFFFFFFF
REG 000000000000001C
REG 0000000000FFFFFF
REG FFFFFFFFFA800000
REG 0000000000000000
REG 0000000000000040
REG 0000000000000000
REG FFFFFFFFFFFFFFFF
REG 000000005B000000
REG FFFFFFFFFFFFFFFF
REG 0000000000000000
REG FFFBFFFFFFFC000A
REG F00000000000000B
REG FFFBFFFFFFFC000A
REG FFFFFFFFFFFF2D69
REG FFFFFFFFFFFFFFFF
REG 74B8000074B6DC34
REG FFFFFFFFFF00D296
REG 0000000000000000
REG FFFFFFFFFD006900
REG FFFFFFFFFFFF2D69
REG FFFFFFFFFFFFFFFF
REG 0000000000000000
REG 0100000020EA0000
REG 00800000008034D3
REG 0000000000FFFFFF
REG 0000000088805E01
