REG 00800000007D62B6
REG 000000004F100000
REG FFFFFFFFC5CD002E
REG 0000003E010F783F
REG 000000007BD86297
REG 000000009E200000
REG 0000000041EA9D49
REG 0000000000000008
REG 0000000000000000
REG 000000000000583A
REG 000000001F006BCA
REG 00000000058F0001
REG FFFFFFFFFFCC0000
REG 00000000FE000000
REG 000000004F100000
REG 000000003A32FFDF
REG 000000000000000D
REG 000000000009E200
REG 0000000000000000
REG 0000000000000000
REG 0000000041EA9D56
REG 000000004F100000
REG 000000000000DB19
REG 000000001800A702
REG 0000000000000008
REG FFFFFFFFFFFF6124
REG 0000000000000002
REG 0000000000000000
REG 7FEF800000001D19
REG FF7FFFFFC0000000
REG 0000000000000000
REG 000000009E108096
