REG 001FFFFFFFFFFFFF
REG 0000000000000000
REG 0000000000000000
REG FFFF000000000003
REG 0000000000000000
REG 0000000000000000
REG 0000000000000000
REG 0000000000000000
REG 0000000000000001
REG 0000000000000000
REG 0000000000000001
REG FFFFFFFFFFFFFFFF
REG 0000000000000000
REG 0000000000000000
REG FFFFFFFFFFFFFFFF
REG 0000000000000000
REG 0000000000000060
REG 0000000000000020
REG 0000000000000000
REG 0000000000000000
REG FFFFFFFFFFFC0003
REG 3FFFFFFFBFFC0000
REG 0000000000000000
REG 0000000000000000
REG FFDFFFFFFFFFFFFF
REG 0000000000000000
REG 0000000000000020
REG 000100000003FFFB
REG 00000000840F4F88
REG FFFFFFFFFFFFFFFF
REG 00000000000004E0
REG 00000001081E9F10
