REG 000000002044CAB0
REG 0000000000008EC0
REG 00000000040880E0
REG 0000000000000000
REG 000000003F000000
REG 000002040A004E18
REG 0000000020440800
REG 000000001C3B8720
REG 0000000000000000
REG FFFFFFFFBB6FFFFF
REG 0000000000000000
REG 0000000000000000
REG FFFFFFFFFBF77F1F
REG 0000000000000000
REG 0000002000000018
REG 0000000004088100
REG 0000000000000000
REG 0000000003800000
REG 000000000408CF17
REG 0000000000000000
REG 0000000000000000
REG 0082227E0082227E
REG FFFFFFFFFEFC7EFA
REG FFFFFFFFFBF77F1F
REG 0000000000044080
REG FFFFFFFFFBF730E8
REG 0000000000F80000
REG 0000040881000000
REG 0000000000000000
REG FFFFFFFFFFFFFFFF
REG 00000000000002EF
REG 0000000100888400
