REG 00007C8300003629
REG FFFFFFFFFFFFF2B6
REG 0000000000000001
REG 0000000000000000
REG 0000000000000001
REG 0000000000000000
REG 0000000000000000
REG 00007C8000002827
REG 00007C8000003628
REG FFFFFFFFFFFFFFDF
REG FFFFFFFFFFFFBFAE
REG 0000000000000005
REG 0000000000000001
REG FFFFFFFFFFFFFFDF
REG 0000000000000000
REG 0000000000000000
REG 0000000000000001
REG 0000000000000040
REG 0000002C1FF0002D
REG 0000000000000000
REG FFFFFFFFFFFFFFFB
REG 0000000000000000
REG 0000001E0000001E
REG 0000000000000000
REG 0000000000000000
REG 0000000000000020
REG 0000000000000000
REG 0000000300000006
REG 0000000000000000
REG 0000000000000000
REG FFFFFFF153E98AA4
REG 0000000091E01088
