REG 000FFFFFFFFFFFFF
REG 00000000000037FA
REG 0000000000000000
REG FFFFFFFF7FFFFFBF
REG 0000000020000002
REG 0000000000000000
REG 000000000000B382
REG 0000000000000000
REG 0000000000000000
REG 0000000000000000
REG 0000000000000000
REG 03FFBFFFFFDFFFFF
REG 0000000000000000
REG FFFFFFFFF8E6990F
REG 0000000000000000
REG 0000003EFFFFFFFA
REG 0000000000000000
REG 0000000000000000
REG FFFFFFFFFFFFFFFF
REG 0000000100000002
REG 0000000000000000
REG FFFFFFFFF8E6990F
REG 0000000000000000
REG 0000000000000000
REG 0000000000000000
REG 0000000045260002
REG FFFFFFFFFFFFFFFF
REG 0000000000000000
REG 1000000015800006
REG 0000000040000000
REG 0000000000000000
REG 0000000044809004
