REG FFFF800000007FB4
REG FFFFFFFFFFFFFFFA
REG 0000000000000005
REG 000000000000003F
REG 0000000000000000
REG 0000000000000003
REG 0000000061A20005
REG FFFFFFFFFFFF8150
REG FFFFFFFFFFFFD8ED
REG FFFFFFFFFFFFFFC8
REG 0000000000000040
REG 0000002A0000002A
REG FFFF800000000000
REG FFFFFFFFFFFFFFD0
REG 0000000000000000
REG 0000000000000000
REG 0000000000000040
REG FFFFFFFF8000003F
REG 0000000000000000
REG 0000000000000001
REG 0000000000000000
REG 0000000000000040
REG FFFFFFFFF00007CF
REG 0000000000000070
REG 000000084F48F820
REG 61A2000461A20004
REG 0000000000000003
REG 0000000000000000
REG 0459600000000000
REG 0000000000000000
REG 0000000000000000
REG 0000000108091E05
