REG 11A4A587FA27A783
REG 0000000000000000
REG 0000000000000000
REG FFFFFFFFFFFFFFFF
REG 0000000000000000
REG 0000000000000000
REG 11A4A587FD24A5C7
REG 0000000000000000
REG FFFFFFFFFFFFFFFD
REG 0000000000000020
REG 0000000000000000
REG 0000011A4A587FD2
REG 0000003FFF800000
REG 0000000000000005
REG 0000000000000005
REG 0000000000000000
REG 0000000000000005
REG 0000000000000000
REG 0000000000000800
REG 0000000000000005
REG FFFFFFFFFFFFFFFF
REG FFFFFFFFFFFFFFFF
REG 0000003FFFB00000
REG FFFFFFC0007FFFFA
REG 00000000000068A2
REG FFFFFFFFFFFFFFFF
REG FFFFFFFFFFFFFFFF
REG 0000000000000000
REG FFFFFFFFFFFFFFFF
REG 0000000000000000
REG 0000000020000000
REG 0000000040001040
