REG FFFFFFFFDC17FFFF
REG 0000000000000000
REG 0000000000000000
REG 0000000000000000
REG 0000000000000000
REG 000000000000B66E
REG 000000000000C14B
REG 0000000000000000
REG FFFFFFFFFFFFFFFF
REG 00000000000014E5
REG 000000000000006D
REG 0000000000000000
REG 0000000000000000
REG 0000002000000014
REG 000000000000006C
REG 0000000000003606
REG 0002BDA7A347FFF8
REG FFFFFDFF364EB34C
REG FFFFFFFFFFFF9AB1
REG 0000000000000000
REG FFFFFFFFFFFFFFFF
REG FFFFFFFF6BC75A02
REG 00000000000014E5
REG FFFF80002BDA7A34
REG 0000000000000000
REG 0000000000007A34
REG FFFFFFFFFFFFFFB5
REG 0008FA0000000000
REG 000000000000FE6F
REG 000000006B020000
REG 0000000000000000
REG 0000000100080080
