REG 000000FF7C56000B
REG 0000000000000000
REG 0000000000000000
REG 00000000003FFFC0
REG DEE97C25A65676F8
REG 0000000000000000
REG 0000000000000000
REG 0000000000000000
REG 0000000000000006
REG FFFFFFFFE8000000
REG 0000000044204404
REG 0000000000000000
REG 9FFFFFFF00000000
REG 0000000098530000
REG 0000000000000000
REG 0000000000006BFF
REG 0000000000006840
REG FFFFFFFFFFFFFFFF
REG 0000000000000040
REG FFFFFF0083A9FF00
REG FFFFFF0083A9FF00
REG 0000000000000000
REG FFFFFFFFFFFFC18A
REG 0000000000000000
REG 0000000098530000
REG 0000000000000000
REG FFFFFFFFFFFFFFFF
REG 0000000000006BBF
REG 0000000000000000
REG 0000000000000000
REG FFFFFFFFFFFFED5D
REG 0000000108408808
