REG 00000000000951F3
REG 0000000000000020
REG FFFFFFFF9C3FF954
REG FFFFFFFFFFFFFFFF
REG 0000000000000000
REG FFFFFFFFFFFFF499
REG 000001790000E17D
REG 0000000000000009
REG 0000000000000000
REG FFFFFFFFFFFFFFFF
REG 0000000000000013
REG 0000000000000260
REG 000001790000E17D
REG FFFFFFFFFFFFFFFF
REG 0000000000000000
REG 0000000000000000
REG 000000004BB55B1E
REG 0000000000001000
REG FFFFFFFFB44AFB3A
REG 0000000000000007
REG 0000000000000000
REG 0000000000000000
REG 000000000000389A
REG 000000004BB55B1E
REG 0000000000000000
REG 0000000000000000
REG 000000004BB504C5
REG 0000017900000179
REG 0000000003280000
REG 0000000000000119
REG 000000001FAA0007
REG 0000000048891008
