REG 0000000000003CD0
REG FFFFFFFFFFFFFFFF
REG FFFFFF37AFFFD89C
REG 0000000000000041
REG 0000000000000000
REG FFFFFFFFFFFE0000
REG 000000000001FFFF
REG 0000000000000040
REG 0000000000000000
REG FFFFFFFFFFFFFFFF
REG FFFFFFFFFFFFFFFF
REG FFFFFFFFFFFFFFFF
REG FFFFFFFFFFFFCCEA
REG 000000000FEA0040
REG 0000000000003CD0
REG FFFFFFFFFFFFFFFF
REG FFFFFFFFFFFFFFFF
REG FFFFFFFFFFFFFC03
REG 0000000000005A7F
REG FFFFFFFFFFFFFFFF
REG FFFFFF37AFFFD89D
REG FFFFFFFFFFFFFFFF
REG 0000000000000040
REG FFFFFFFFFFFFFFFF
REG 0000002000000020
REG FFFFFFFFFFFFFFFF
REG 0000000000FFFFFF
REG 11B5A1A7D65E9FD6
REG 00000000B1C81F86
REG FFFFFFFFFFFFFFFF
REG 000000C8500027A3
REG 0000000091001010
