REG E990479363BFED0F
REG 800000008D300000
REG 0000000000000044
REG 0000000000000000
REG FFCAC21B091F0744
REG 80000000000078CB
REG 000000000000001A
REG 0000000000000000
REG 0000000000000000
REG 00000BB400000004
REG 0000000000000022
REG 0000000000000000
REG 0000000000000387
REG 566FB004000021A2
REG 220D0F0E80000000
REG 0000000000000A75
REG 0000000000000000
REG FFFFFFFFFFFFDE5E
REG FFFFFFFF0751FFFF
REG 400000BB40000000
REG 0000010000000000
REG 00000000D88E0000
REG FFFFFFFFFFFFFFFF
REG 0000000000000000
REG 0000000000000000
REG 0000000000000014
REG FFFFFFFFFFFFF9A0
REG 0000010000000A75
REG 0000000000000000
REG 566FB0045C406253
REG 000000000000001A
REG 00000000123F0F2E
