REG 000000000000334E
REG 0000000000000039
REG FFFFFFFFFFC00000
REG FFFFFFFFFFC00000
REG 3FFD0000000043C7
REG 0000000000000000
REG 3FFD000000000039
REG 0000000000000008
REG 000000000000334E
REG FFFFFFFFFFFFFFFF
REG 0000000000000000
REG 000000000000FF00
REG FFFFFFFFD4C4FFFF
REG 0000000000000000
REG 0000000000000000
REG C002FFFFFFFFFFFE
REG 0000000000000039
REG 0000000000000000
REG 0000000000000000
REG 00000000AF570008
REG 0000000000000000
REG 3FFD00009E970039
REG 0000000000000000
REG 0000000000000000
REG 0000000000000020
REG FFFFFFFFFFFFCCB2
REG 000000000000005E
REG 000000000000331E
REG 0000000000000000
REG 0000000000000008
REG 000000000000334E
REG 000000008000111E
