REG 0000000000404000
REG 080000000FFC0000
REG 0000000000000000
REG 00001FC000000000
REG 0000000000000000
REG 0000000000000000
REG FFFFFFFF800000FF
REG 0000000000000000
REG 0000000000000000
REG FFFFFFFF7FFFFFFF
REG 0003FFFFFFFFFFFE
REG 0000000000000000
REG 0000000000000000
REG 0000000023960000
REG 0000000000000000
REG 0000000000080300
REG 0000000000000000
REG 0002080808080807
REG 0000000000000000
REG 0000000000000000
REG 0000000000000000
REG 0000000000080300
REG 0000000000000000
REG 0002080808080807
REG 000000007FFFFE84
REG 0000000000400000
REG FFA260B560000000
REG FFFFFFFF7FFFFFFF
REG 0000000000000000
REG 0000000000000000
REG 000000007FFFFFFF
REG 0000000040905048
