REG FF00FF00F0DF00FF
REG 0000000000000000
REG 0000000000000000
REG 00000000FA760000
REG 0000000000000000
REG EE605C539EB27400
REG 0000000000000000
REG FFFFFFFFFFFFFFFF
REG 0000000028040404
REG 0000000000000000
REG 0000000000000000
REG 0000000000000005
REG FFFFFFFFF0200000
REG 0000000100000000
REG FFFFFFFFFFFFFFFF
REG FFFFFFFFFFFFFFFF
REG FFFFFFFFFFFFFFFF
REG 0000029CF593A000
REG 0000000000000000
REG FFFFFFE6FFFF3E55
REG FFFFFFE6FFFF9D9C
REG 0000000000000000
REG 0000000000000000
REG 0000000000000040
REG EE605C539EB27400
REG 00000000F6770400
REG 0000000000000000
REG F077402FE0000000
REG 0000000000000000
REG F077402EE57F0100
REG FFFFFFFFFB800000
REG 0000000090080809
