REG 0000000000000081
REG FFFFFFFFFFFFFF00
REG FFFFFFFFFFFFFFE4
REG FFFFFFFFFFFFFFFF
REG 0000000000003DFB
REG 0000000000000001
REG 000000000000000C
REG 0000000000000000
REG 000000003FF80000
REG FFFFFFFFFFFFFFFF
REG 0000000110000000
REG FFFFFFFFFFFFFFFF
REG 0000000000000000
REG 0000000000000011
REG 0000000020000000
REG FFFFFFFFFFFFB98F
REG 0000000A423127E1
REG FFFFFFFFFFFFFFE4
REG FFFFFFFFFFFFFFE4
REG FFFFFFFFFFFFFFE4
REG 0000000000000001
REG 00000000000001E0
REG 0000000000002BFF
REG 0000000000000001
REG FFFFFFFFFFFFFFFF
REG 0000000000000001
REG FFFFFFF5BDCED81F
REG 0000000000000000
REG 0000000000000000
REG 0000000000000100
REG FFFFFFFFFFFFF000
REG 0000000091FF009E
