REG FFF003FDFF67FFFF
REG 0000000000000013
REG 0000000000080000
REG 7F80000000000000
REG 0000000000000000
REG FFF003FFFF67FFFF
REG 000000000000940E
REG B80000006BFF32F1
REG 000000000000940E
REG 00000000D7FE65E3
REG 0000000000000000
REG 0000000000000040
REG 806DEEEEEFE09EEE
REG 0000000000000000
REG 0000000000000000
REG FFFFFFFFFFFFFFFF
REG 0000000000000000
REG 7F80000084020000
REG 0000000000000000
REG FFFFFFFFFFFFFF80
REG 0000000000000000
REG FFFFFFFF9FE097C0
REG 00000000D7FE65E3
REG 000000000007FE00
REG 11121111101F6111
REG 0000000000000000
REG FFFFFFFFFFFA0A80
REG 0000000000000000
REG 7F80000000000000
REG 000000008F4FFFFF
REG 0000000000000000
REG 000000009E9FFFFF
