REG FFFFFFDB2F3F76E3
REG 0000000000000001
REG 00000000D5F88018
REG 0000000000008010
REG 0000000000000000
REG 00000024CFFFF6CC
REG 021FFFFF80078000
REG FDE000007FF88000
REG FFFFFFFFFF87FFE6
REG 000000000000CE1A
REG 0000000000780018
REG 0000000000FF8000
REG 0000000000000018
REG 0000000000007C00
REG 000021FFF7782279
REG 00000000003FFFF0
REG 000000000000003E
REG 019C340001903400
REG 0000000000000000
REG 0000000007FFFFFE
REG 0040000000000000
REG FDC000007FF88050
REG 00000000003FFFF0
REG 00000000D5F88018
REG 0000000000000018
REG FFE0000000000050
REG 0000000060000000
REG 0000000000000000
REG 0000000000000000
REG 000000000000001E
REG 000000000077F9E0
REG 000000011009E709
