REG 0000000000000040
REG 00000000186F3411
REG 0000000000000000
REG 0000000000000001
REG FFFF01003F7FFFF8
REG FFFF7F6CFFFFFF00
REG 0000000000000003
REG 0000000000000000
REG 0000000000000000
REG 0000000000000000
REG 0000000000000400
REG 0000000000000000
REG 0000000000000000
REG FFFFFFFFFFFFFFE0
REG FFFFFFFFFFFFB0E9
REG 0000D80000000000
REG 0000000000000000
REG 0000000000000003
REG 000000003F7FFFF8
REG 000000000000006C
REG 0000000000000000
REG 0000000000000000
REG FFFFFFFFFFFFFFFF
REG 0000000000000039
REG 0000000000000000
REG 000000000000006C
REG 0000000000006F04
REG FFFFFFFFFFFFD97E
REG B000000000000003
REG 0000000000000003
REG FFFFFFFFFFFFFFE0
REG 000000011E850889
