REG F390000004E9B62E
REG FFFFFFFFFFFFFFFF
REG 0000000000000000
REG 0000000000000000
REG FFFFFFFF7FFFFFFF
REG 0000000000000000
REG FFFFFFFFFFFFFFFF
REG 0000000000000000
REG FFFFFFFFFFFFE7D3
REG 000000000000008E
REG 0000000000000000
REG FFFFFFFFFFFFFFFF
REG 0000000000000000
REG 0000000000000020
REG F00000000011A000
REG 0000000000000000
REG 0000000000006F39
REG FFFFFFFFFFFFFFFF
REG 0000000000000000
REG 0000000000000000
REG FFFFFFFFFFF8DEA0
REG 000000000000008F
REG 0000000000000011
REG 0000000000000002
REG 0000000000000000
REG 0000000080000000
REG 0000000000000020
REG 0000000004E9CCA0
REG 0000000000007A8E
REG FFFFFFF7FFFFFFF7
REG 0000000000000000
REG 0000000040009108
