REG FFFFFFFFFFC00000
REG 0000000000000000
REG 0000000000000000
REG 000000000000073A
REG 0000000000000000
REG 0000000000000000
REG 0000000000000000
REG FFFFFFFFFFFFFFFF
REG 0000000000000000
REG 0000000000000000
REG 0000000000000000
REG E9C904B9E9C904B9
REG FAFBFEFAFAFBFEFA
REG 0000000000000040
REG 0000000000000000
REG 0504010505040105
REG FFFFFFFFFFFFFFFF
REG 0000000000000000
REG 0000000000000000
REG 0000000000000001
REG 0000000000000000
REG 0000000000000000
REG 0000000000000000
REG 0000000000000000
REG FFFFFFFFFFFF0000
REG 0000000020050804
REG 0000000000000000
REG FFFFFFFFFFFFFFFF
REG 0000000000000000
REG 0000000000000000
REG 0000000000000000
REG 0000000041101008
