REG FFFFFFFFBE53FFFF
REG FFFFFFFFA7DBF847
REG 0000000000000000
REG 0000000000000001
REG 0000000000000000
REG FFFFFFFFFFFFFFFF
REG FFFFFFFFFFFFFFBF
REG 0000000000001B3B
REG 0000000040000000
REG FFFFFFFF00FF0000
REG 2011280000000000
REG 000000000000082A
REG 0000000000000040
REG FFFFFFFFFFFFF6A6
REG 0000000040000000
REG 0000000000000000
REG 0000000000000005
REG FFFFFFFFFEFFFFFF
REG 0000000000000000
REG 0000000000900000
REG 0000000000000000
REG FFFFFFFABD600000
REG 0000000000000040
REG 0000000000000040
REG 000000000000082A
REG 0000000001000000
REG 0000000000000000
REG 0000000000000001
REG FFFFFFFF00FF3079
REG 0000000041414841
REG 0000000000003079
REG 0000000050108894
